2026-05-31 20:13:47,704 - __main__ - INFO - Logger erfolgreich eingerichtet.
2026-05-31 20:14:55,198 - __main__ - INFO - Logger erfolgreich eingerichtet.
2026-05-31 20:15:05,206 - __main__ - INFO - Logger erfolgreich eingerichtet.
2026-06-01 05:56:20,995 - __main__ - INFO - Logger erfolgreich eingerichtet.
2026-06-01 05:56:31,004 - __main__ - INFO - Logger erfolgreich eingerichtet.
2026-06-01 05:56:41,019 - __main__ - INFO - Logger erfolgreich eingerichtet.
2026-06-01 05:59:48,623 - __main__ - INFO - Logger erfolgreich eingerichtet.
2026-06-01 05:59:58,633 - __main__ - INFO - Logger erfolgreich eingerichtet.
2026-06-01 06:00:30,386 - __main__ - INFO - Logger erfolgreich eingerichtet.
2026-06-01 06:00:40,394 - __main__ - INFO - Logger erfolgreich eingerichtet.
2026-06-01 06:00:50,402 - __main__ - INFO - Logger erfolgreich eingerichtet.
2026-06-01 06:01:00,406 - __main__ - INFO - Logger erfolgreich eingerichtet.
2026-06-01 06:01:10,415 - __main__ - INFO - Logger erfolgreich eingerichtet.
2026-06-01 06:01:20,424 - __main__ - INFO - Logger erfolgreich eingerichtet.
2026-06-01 06:01:30,436 - __main__ - INFO - Logger erfolgreich eingerichtet.
2026-06-01 06:01:40,446 - __main__ - INFO - Logger erfolgreich eingerichtet.
2026-06-01 06:01:50,453 - __main__ - INFO - Logger erfolgreich eingerichtet.
2026-06-01 06:02:00,466 - __main__ - INFO - Logger erfolgreich eingerichtet.
2026-06-01 06:02:10,469 - __main__ - INFO - Logger erfolgreich eingerichtet.
2026-06-01 06:02:20,470 - __main__ - INFO - Logger erfolgreich eingerichtet.
2026-06-01 06:02:30,483 - __main__ - INFO - Logger erfolgreich eingerichtet.
2026-06-01 06:02:40,496 - __main__ - INFO - Logger erfolgreich eingerichtet.
2026-06-01 06:02:50,501 - __main__ - INFO - Logger erfolgreich eingerichtet.
2026-06-01 06:03:00,510 - __main__ - INFO - Logger erfolgreich eingerichtet.
2026-06-01 06:03:10,523 - __main__ - INFO - Logger erfolgreich eingerichtet.
2026-06-01 06:03:20,534 - __main__ - INFO - Logger erfolgreich eingerichtet.
2026-06-01 06:03:30,535 - __main__ - INFO - Logger erfolgreich eingerichtet.
2026-06-01 06:03:40,543 - __main__ - INFO - Logger erfolgreich eingerichtet.
2026-06-01 06:03:50,544 - __main__ - INFO - Logger erfolgreich eingerichtet.
2026-06-01 06:04:00,554 - __main__ - INFO - Logger erfolgreich eingerichtet.
2026-06-01 06:04:10,557 - __main__ - INFO - Logger erfolgreich eingerichtet.
2026-06-01 06:04:20,563 - __main__ - INFO - Logger erfolgreich eingerichtet.
2026-06-01 06:04:30,566 - __main__ - INFO - Logger erfolgreich eingerichtet.
2026-06-01 06:04:40,581 - __main__ - INFO - Logger erfolgreich eingerichtet.
2026-06-01 06:04:50,591 - __main__ - INFO - Logger erfolgreich eingerichtet.
2026-06-01 06:05:00,597 - __main__ - INFO - Logger erfolgreich eingerichtet.
2026-06-01 06:05:10,600 - __main__ - INFO - Logger erfolgreich eingerichtet.
2026-06-01 06:05:20,604 - __main__ - INFO - Logger erfolgreich eingerichtet.
2026-06-01 06:05:30,607 - __main__ - INFO - Logger erfolgreich eingerichtet.
2026-06-01 06:05:40,611 - __main__ - INFO - Logger erfolgreich eingerichtet.
2026-06-01 06:05:50,618 - __main__ - INFO - Logger erfolgreich eingerichtet.
2026-06-01 06:06:00,622 - __main__ - INFO - Logger erfolgreich eingerichtet.
2026-06-01 06:06:10,625 - __main__ - INFO - Logger erfolgreich eingerichtet.
2026-06-01 06:06:20,633 - __main__ - INFO - Logger erfolgreich eingerichtet.
2026-06-01 06:06:30,634 - __main__ - INFO - Logger erfolgreich eingerichtet.
2026-06-01 06:06:40,640 - __main__ - INFO - Logger erfolgreich eingerichtet.
2026-06-01 06:06:50,645 - __main__ - INFO - Logger erfolgreich eingerichtet.
2026-06-01 06:07:00,660 - __main__ - INFO - Logger erfolgreich eingerichtet.
2026-06-01 06:07:10,671 - __main__ - INFO - Logger erfolgreich eingerichtet.
2026-06-01 06:07:20,684 - __main__ - INFO - Logger erfolgreich eingerichtet.
2026-06-01 06:07:30,685 - __main__ - INFO - Logger erfolgreich eingerichtet.
2026-06-01 06:20:05,673 - root - INFO - Logger erfolgreich eingerichtet.
2026-06-01 06:20:15,682 - webservices - INFO - Webservices gestartet.
2026-06-01 06:20:15,682 - root - INFO - Logger erfolgreich eingerichtet.
2026-06-01 06:20:31,118 - __main__ - INFO - Logger erfolgreich eingerichtet.
2026-06-01 06:20:41,119 - webservices - INFO - Webservices gestartet.
2026-06-01 06:20:41,120 - __main__ - INFO - Logger erfolgreich eingerichtet.
2026-06-01 17:58:51,263 - __main__ - INFO - Logger erfolgreich eingerichtet.
2026-06-01 19:24:19,860 - __main__ - INFO - Logger erfolgreich eingerichtet.
2026-06-11 16:27:09,589 - __main__ - INFO - Logger erfolgreich eingerichtet.
2026-06-11 16:27:19,590 - webservices - INFO - Webservices gestartet.
2026-06-11 16:27:19,590 - __main__ - INFO - Logger erfolgreich eingerichtet.
2026-06-11 16:29:37,988 - __main__ - INFO - Logger erfolgreich eingerichtet.
2026-06-11 16:30:04,320 - __main__ - INFO - Logger erfolgreich eingerichtet.
2026-06-11 16:30:14,321 - webservices - INFO - Webservices gestartet.
2026-06-11 16:30:14,321 - __main__ - INFO - Logger erfolgreich eingerichtet.
2026-06-11 16:34:26,868 - __main__ - INFO - Logger erfolgreich eingerichtet.
2026-06-11 16:36:10,144 - __main__ - INFO - Logger erfolgreich eingerichtet.
2026-06-11 16:42:35,115 - __main__ - INFO - Logger erfolgreich eingerichtet.
2026-06-11 16:51:20,157 - __main__ - INFO - Logger erfolgreich eingerichtet.
2026-06-11 17:07:26,394 - __main__ - INFO - Logger erfolgreich eingerichtet.
2026-06-11 17:08:58,264 - __main__ - INFO - Logger erfolgreich eingerichtet.
2026-06-11 17:10:28,521 - __main__ - INFO - Logger erfolgreich eingerichtet.
None - __main__ - INFO - Logger erfolgreich eingerichtet.
None - networkmanager - WARNING - Verbindung verloren oder inaktiv. Starte Verbindungs-Kette...
None - networkmanager - INFO - ssid: smarthome24 and password: zdx1bmuJ7FQaI8owjhHkDABN3UyFTNP7tEaptdqTxAPkIQN98T6RsPPLqTN3gVF
None - networkmanager - INFO - Versuche Verbindung mit: smarthome24
None - networkmanager - DEBUG - Warte auf Verbindung... (1/15s),
None - networkmanager - DEBUG - Warte auf Verbindung... (2/15s),
None - networkmanager - DEBUG - Warte auf Verbindung... (3/15s),
None - networkmanager - DEBUG - Warte auf Verbindung... (4/15s),
None - networkmanager - INFO - Erfolgreich verbunden! IP: 192.168.100.14
None - networkmanager - INFO - Hintergrund-Thread für WLAN-Überwachung erfolgreich gestartet.
None - __main__ - INFO - Logger erfolgreich eingerichtet.
None - networkmanager - WARNING - Verbindung verloren oder inaktiv. Starte Verbindungs-Kette...
None - networkmanager - INFO - ssid: smarthome24 and password: zdx1bmuJ7FQaI8owjhHkDABN3UyFTNP7tEaptdqTxAPkIQN98T6RsPPLqTN3gVF
None - networkmanager - INFO - Versuche Verbindung mit: smarthome24
None - networkmanager - DEBUG - Warte auf Verbindung... (1/15s),
None - networkmanager - DEBUG - Warte auf Verbindung... (2/15s),
None - networkmanager - DEBUG - Warte auf Verbindung... (3/15s),
None - networkmanager - DEBUG - Warte auf Verbindung... (4/15s),
None - __main__ - INFO - Logger erfolgreich eingerichtet.
None - networkmanager - WARNING - Verbindung verloren oder inaktiv. Starte Verbindungs-Kette...
None - networkmanager - INFO - ssid: smarthome24 and password: zdx1bmuJ7FQaI8owjhHkDABN3UyFTNP7tEaptdqTxAPkIQN98T6RsPPLqTN3gVF
None - networkmanager - INFO - Versuche Verbindung mit: smarthome24
None - networkmanager - DEBUG - Warte auf Verbindung... (1/15s),
None - networkmanager - DEBUG - Warte auf Verbindung... (2/15s),
None - networkmanager - DEBUG - Warte auf Verbindung... (3/15s),
None - networkmanager - DEBUG - Warte auf Verbindung... (4/15s),
None - networkmanager - DEBUG - Warte auf Verbindung... (5/15s),
None - networkmanager - INFO - Erfolgreich verbunden! IP: 192.168.100.14
None - networkmanager - INFO - Hintergrund-Thread für WLAN-Überwachung erfolgreich gestartet.
None - __main__ - DEBUG - nur console
None - __main__ - DEBUG - nur console
None - __main__ - DEBUG - nur console
None - __main__ - DEBUG - nur console
None - __main__ - DEBUG - nur console
None - __main__ - DEBUG - nur console
None - __main__ - DEBUG - nur console
None - __main__ - DEBUG - nur console
None - __main__ - DEBUG - nur console
None - __main__ - DEBUG - nur console
None - __main__ - DEBUG - nur console
None - __main__ - DEBUG - nur console
None - __main__ - DEBUG - nur console
None - __main__ - DEBUG - nur console
None - __main__ - DEBUG - nur console
None - __main__ - DEBUG - nur console
None - __main__ - DEBUG - nur console
None - __main__ - DEBUG - nur console
None - __main__ - DEBUG - nur console
None - __main__ - DEBUG - nur console
None - __main__ - DEBUG - nur console
None - __main__ - INFO - Logger erfolgreich eingerichtet.
None - networkmanager - WARNING - Verbindung verloren oder inaktiv. Starte Verbindungs-Kette...
None - networkmanager - INFO - ssid: smarthome24 and password: zdx1bmuJ7FQaI8owjhHkDABN3UyFTNP7tEaptdqTxAPkIQN98T6RsPPLqTN3gVF
None - networkmanager - INFO - Versuche Verbindung mit: smarthome24
None - networkmanager - DEBUG - Warte auf Verbindung... (1/15s),
None - networkmanager - DEBUG - Warte auf Verbindung... (2/15s),
None - networkmanager - DEBUG - Warte auf Verbindung... (3/15s),
None - networkmanager - DEBUG - Warte auf Verbindung... (4/15s),
None - networkmanager - DEBUG - Warte auf Verbindung... (5/15s),
None - networkmanager - INFO - Erfolgreich verbunden! IP: 192.168.100.14
None - networkmanager - INFO - Hintergrund-Thread für WLAN-Überwachung erfolgreich gestartet.
None - __main__ - DEBUG - nur console
None - __main__ - DEBUG - nur console
None - __main__ - DEBUG - nur console
None - __main__ - DEBUG - nur console
None - __main__ - DEBUG - nur console
None - __main__ - DEBUG - nur console
None - __main__ - DEBUG - nur console
None - __main__ - INFO - Logger erfolgreich eingerichtet.
None - networkmanager - WARNING - Verbindung verloren oder inaktiv. Starte Verbindungs-Kette...
None - networkmanager - INFO - ssid: smarthome24 and password: zdx1bmuJ7FQaI8owjhHkDABN3UyFTNP7tEaptdqTxAPkIQN98T6RsPPLqTN3gVF
None - networkmanager - INFO - Versuche Verbindung mit: smarthome24
None - networkmanager - DEBUG - Warte auf Verbindung... (1/15s),
None - networkmanager - DEBUG - Warte auf Verbindung... (2/15s),
None - __main__ - INFO - Logger erfolgreich eingerichtet.
None - networkmanager - WARNING - Verbindung verloren oder inaktiv. Starte Verbindungs-Kette...
None - networkmanager - INFO - ssid: smarthome24 and password: zdx1bmuJ7FQaI8owjhHkDABN3UyFTNP7tEaptdqTxAPkIQN98T6RsPPLqTN3gVF
None - networkmanager - INFO - Versuche Verbindung mit: smarthome24
None - networkmanager - DEBUG - Warte auf Verbindung... (1/15s),
None - networkmanager - DEBUG - Warte auf Verbindung... (2/15s),
None - networkmanager - DEBUG - Warte auf Verbindung... (3/15s),
None - networkmanager - INFO - Erfolgreich verbunden! IP: 192.168.100.14
None - networkmanager - INFO - Hintergrund-Thread für WLAN-Überwachung erfolgreich gestartet.
